Program
..FuncDecl
....FuncHeader
......Id(empty)
......FuncParams
....FuncBody
..FuncDecl
....FuncHeader
......Id(sum)
......Int
......FuncParams
........ParamDecl
..........Int
..........Id(x)
........ParamDecl
..........Int
..........Id(y)
....FuncBody
......Return
........Add
..........Id(x)
..........Id(y)
..FuncDecl
....FuncHeader
......Id(main)
......Int
......FuncParams
........ParamDecl
..........Int
..........Id(a)
........ParamDecl
..........Float32
..........Id(b)
........ParamDecl
..........String
..........Id(c)
........ParamDecl
..........Bool
..........Id(d)
....FuncBody
......VarDecl
........Int
........Id(x)
......VarDecl
........Int
........Id(y)
......VarDecl
........Int
........Id(z)
......VarDecl
........Bool
........Id(i)
......VarDecl
........Bool
........Id(j)
......VarDecl
........Bool
........Id(k)
......Assign
........Id(x)
........IntLit(1)
......If
........Eq
..........Id(x)
..........IntLit(1)
........Block
........Block
......VarDecl
........Float32
........Id(p)
......If
........Eq
..........Id(x)
..........IntLit(2)
........Block
........Block
......For
........Block
......For
........Id(expression)
........Block
......Assign
........Id(i)
........IntLit(0)
......For
........Lt
..........Id(i)
..........IntLit(10)
........Block
..........Assign
............Id(i)
............Add
..............Id(i)
..............IntLit(1)
......Assign
........Id(a)
........IntLit(1)
......Block
........Assign
..........Id(a)
..........IntLit(2)
........Call
..........Id(empty)
......ParseArgs
........Id(x)
........IntLit(1)
......Assign
........Id(y)
........Call
..........Id(sum)
..........Id(a)
..........Id(x)
......Print
........StrLit("This is a string literal.")
......If
........Gt
..........Id(y)
..........IntLit(10)
........Block
..........Print
............StrLit("y is greater than 10.")
..........Assign
............Id(y)
............Div
..............Id(y)
..............IntLit(2)
........Block
..........Print
............StrLit("y is lower than 10.")
..........Assign
............Id(y)
............Mul
..............Id(y)
..............IntLit(2)
......Return
......Return
........Sub
..........Add
............Mod
..............Mul
................Div
..................IntLit(1)
..................IntLit(1)
................IntLit(1)
..............IntLit(1)
............IntLit(1)
..........IntLit(1)
